
D:\crm\crm\src\components\AgentStatsModal.tsx
  331:18  error  'error' is defined but never used  @typescript-eslint/no-unused-vars
  372:18  error  'error' is defined but never used  @typescript-eslint/no-unused-vars

D:\crm\crm\src\components\Campaigns.tsx
  138:48  error  Unnecessary escape character: \+  no-useless-escape

D:\crm\crm\src\components\LeadDetailsModal.tsx
    2:65  error  'Clock' is defined but never used  @typescript-eslint/no-unused-vars
  303:53  error  'i' is defined but never used      @typescript-eslint/no-unused-vars

D:\crm\crm\src\components\NotificationBell.tsx
  41:9  error  Error: Calling setState synchronously within an effect can trigger cascading renders

Effects are intended to synchronize state between React and external systems such as manually updating the DOM, state management libraries, or other platform APIs. In general, the body of an effect should do one or both of the following:
* Update external systems with the latest state from React.
* Subscribe for updates from some external system, calling setState in a callback function when external state changes.

Calling setState synchronously within an effect body causes cascading renders that can hurt performance, and is not recommended. (https://react.dev/learn/you-might-not-need-an-effect).

D:\crm\crm\src\components\NotificationBell.tsx:41:9
  39 |
  40 |     useEffect(() => {
> 41 |         fetchNotifications();
     |         ^^^^^^^^^^^^^^^^^^ Avoid calling setState() directly within an effect
  42 |
  43 |         // --- ABONNEMENT TEMPS R├ëEL (REALTIME) ---
  44 |         const channel = supabase  react-hooks/set-state-in-effect

D:\crm\crm\src\components\OnboardingTour.tsx
  64:13  error  Error: Calling setState synchronously within an effect can trigger cascading renders

Effects are intended to synchronize state between React and external systems such as manually updating the DOM, state management libraries, or other platform APIs. In general, the body of an effect should do one or both of the following:
* Update external systems with the latest state from React.
* Subscribe for updates from some external system, calling setState in a callback function when external state changes.

Calling setState synchronously within an effect body causes cascading renders that can hurt performance, and is not recommended. (https://react.dev/learn/you-might-not-need-an-effect).

D:\crm\crm\src\components\OnboardingTour.tsx:64:13
  62 |     useEffect(() => {
  63 |         if (!isVisible || currentStepIndex === 0) {
> 64 |             setSpotlightStyles({ opacity: 0, pointerEvents: 'none' });
     |             ^^^^^^^^^^^^^^^^^^ Avoid calling setState() directly within an effect
  65 |             return;
  66 |         }
  67 |  react-hooks/set-state-in-effect

D:\crm\crm\src\components\Popup.tsx
  26:14  error  Fast refresh only works when a file only exports components. Use a new file to share constants or functions between components  react-refresh/only-export-components

D:\crm\crm\src\components\Provisioner.tsx
  3:28  error  'Mail' is defined but never used  @typescript-eslint/no-unused-vars

D:\crm\crm\src\components\Sidebar.tsx
  141:34  error  'e' is defined but never used  @typescript-eslint/no-unused-vars

D:\crm\crm\src\components\Toast.tsx
  16:14  error  Fast refresh only works when a file only exports components. Move your React context(s) to a separate file                                                                                                                                                                                                                                                                                                                                                                                                                                                                                                                                                                                                                                 react-refresh/only-export-components
  22:14  error  Fast refresh only works when a file only exports components. Use a new file to share constants or functions between components                                                                                                                                                                                                                                                                                                                                                                                                                                                                                                                                                                                                             react-refresh/only-export-components
  28:20  error  Error: Cannot call impure function during render

`Math.random` is an impure function. Calling an impure function can produce unstable results that update unpredictably when the component happens to re-render. (https://react.dev/reference/rules/components-and-hooks-must-be-pure#components-and-hooks-must-be-idempotent).

D:\crm\crm\src\components\Toast.tsx:28:20
  26 |
  27 |     const addToast = (message: string, type: ToastType) => {
> 28 |         const id = Math.random().toString(36).substr(2, 9);
     |                    ^^^^^^^^^^^^^ Cannot call impure function
  29 |         setToasts((prev) => [...prev, { id, message, type }]);
  30 |         setTimeout(() => {
  31 |             removeToast(id);  react-hooks/purity

D:\crm\crm\src\utils\verificationService.ts
  128:14  error  '_e' is defined but never used  @typescript-eslint/no-unused-vars

Ô£û 14 problems (14 errors, 0 warnings)

